
> noexit-clone@1.0.0 build
> vite build

[36mvite v7.3.1 [32mbuilding client environment for production...[36m[39m
node.exe : <script 
src="preloader.js"> in 
"/index.html" can't be 
bundled without 
type="module" attribute
No linha:1 caractere:1
+ & "C:\Program 
Files\nodejs/node.exe" "C:\
Users\Gabriel\AppData\Roami
n ...
+ ~~~~~~~~~~~~~~~~~~~~~~~~~
~~~~~~~~~~~~~~~~~~~~~~~~~~~
~~~~~~~~~~~~~~~~~
    + CategoryInfo         
     : NotSpecified: (<sc  
  ript src="pr...dule" a   
 ttribute:String) [], R    
emoteException
    + FullyQualifiedErrorI 
   d : NativeCommandError
 
transforming...
[32mÔ£ô[39m 1 modules transformed.
[31mÔ£ù[39m Build failed 
in 50ms
[31merror during build:
[31m[vite:build-html] 
main.js (97:16): Expected 
unicode escape[31m
file: [36mC:/Users/Gabriel
/.gemini/antigravity/scratc
h/noexit-clone/main.js:97:1
6 (C:/Users/Gabriel/.gemini
/antigravity/scratch/noexit
-clone/index.html)[31m
[33m
95:     
'chromaticAberration': { 
value: 0.005 }
96:   },
97:   vertexShader: 
\`varying vec2 vUv; void 
main() { vUv = uv; 
gl_Position = 
projectionMatrix * 
modelViewMatrix * vec4(p...
                    ^
98:   fragmentShader: \`
99:       uniform 
sampler2D tDiffuse;
[31m
    at getRollupError (file
:///C:/Users/Gabriel/.gemin
i/antigravity/scratch/noexi
t-clone/node_modules/rollup
/dist/es/shared/parseAst.js
:402:41)
    at 
ParseError.initialise (file
:///C:/Users/Gabriel/.gemin
i/antigravity/scratch/noexi
t-clone/node_modules/rollup
/dist/es/shared/node-entry.
js:14465:28)
    at convertNode (file://
/C:/Users/Gabriel/.gemini/a
ntigravity/scratch/noexit-c
lone/node_modules/rollup/di
st/es/shared/node-entry.js:
16437:10)
    at convertProgram (file
:///C:/Users/Gabriel/.gemin
i/antigravity/scratch/noexi
t-clone/node_modules/rollup
/dist/es/shared/node-entry.
js:15677:12)
    at Module.setSource (fi
le:///C:/Users/Gabriel/.gem
ini/antigravity/scratch/noe
xit-clone/node_modules/roll
up/dist/es/shared/node-entr
y.js:17392:24)
    at async ModuleLoader.a
ddModuleSource (file:///C:/
Users/Gabriel/.gemini/antig
ravity/scratch/noexit-clone
/node_modules/rollup/dist/e
s/shared/node-entry.js:2149
7:13)[39m
